ARM Linker, 5.03 [Build 76] [MDK-ARM Standard]

==============================================================================

Section Cross References

    startup_rvmdk.o(STACK) refers (Special) to heapauxi.o(.text) for __use_two_region_memory
    startup_rvmdk.o(HEAP) refers (Special) to heapauxi.o(.text) for __use_two_region_memory
    startup_rvmdk.o(RESET) refers (Special) to heapauxi.o(.text) for __use_two_region_memory
    startup_rvmdk.o(RESET) refers to startup_rvmdk.o(STACK) for StackMem
    startup_rvmdk.o(RESET) refers to main.o(.text) for vApplicationMallocFailedHook
    startup_rvmdk.o(RESET) refers to port.o(.emb_text) for vPortSVCHandler
    startup_rvmdk.o(RESET) refers to port.o(.text) for xPortSysTickHandler
    startup_rvmdk.o(RESET) refers to system_task.o(.text) for sys_wake_up_handler
    startup_rvmdk.o(RESET) refers to serial.o(.text) for uart0_interrupt_handler
    startup_rvmdk.o(RESET) refers to bsp.o(.text) for Timer1IntHandler
    startup_rvmdk.o(RESET) refers to ir_driver.o(.text) for ir_in_recive_handler
    startup_rvmdk.o(RESET) refers to lwiplib.o(.text) for lwIPEthernetIntHandler
    startup_rvmdk.o(RESET) refers to __main.o(!!!main) for __main
    startup_rvmdk.o(.text) refers (Special) to heapauxi.o(.text) for __use_two_region_memory
    startup_rvmdk.o(.text) refers to startup_rvmdk.o(HEAP) for HeapMem
    startup_rvmdk.o(.text) refers to startup_rvmdk.o(STACK) for StackMem
    bsp.o(.text) refers to gpio.o(i.GPIOPinTypeGPIOInput) for GPIOPinTypeGPIOInput
    bsp.o(.text) refers to sysctl.o(i.SysCtlPeripheralEnable) for SysCtlPeripheralEnable
    bsp.o(.text) refers to gpio.o(i.GPIOIntTypeSet) for GPIOIntTypeSet
    bsp.o(.text) refers to gpio.o(i.GPIOPinTypeGPIOOutput) for GPIOPinTypeGPIOOutput
    bsp.o(.text) refers to gpio.o(i.GPIOPinWrite) for GPIOPinWrite
    bsp.o(.text) refers to interrupt.o(i.IntEnable) for IntEnable
    bsp.o(.text) refers to gpio.o(i.GPIOIntEnable) for GPIOIntEnable
    bsp.o(.text) refers to timer.o(i.TimerConfigure) for TimerConfigure
    bsp.o(.text) refers to timer.o(i.TimerLoadSet) for TimerLoadSet
    bsp.o(.text) refers to timer.o(i.TimerIntEnable) for TimerIntEnable
    bsp.o(.text) refers to timer.o(i.TimerEnable) for TimerEnable
    bsp.o(.text) refers to timer.o(i.TimerValueGet) for TimerValueGet
    bsp.o(.text) refers to pwm.o(i.PWMClockSet) for PWMClockSet
    bsp.o(.text) refers to gpio.o(i.GPIOPinConfigure) for GPIOPinConfigure
    bsp.o(.text) refers to gpio.o(i.GPIOPinTypePWM) for GPIOPinTypePWM
    bsp.o(.text) refers to pwm.o(i.PWMGenConfigure) for PWMGenConfigure
    bsp.o(.text) refers to pwm.o(i.PWMGenPeriodSet) for PWMGenPeriodSet
    bsp.o(.text) refers to main.o(.data) for gSysClock
    bsp.o(.text) refers to pwm.o(i.PWMGenPeriodGet) for PWMGenPeriodGet
    bsp.o(.text) refers to pwm.o(i.PWMPulseWidthSet) for PWMPulseWidthSet
    bsp.o(.text) refers to pwm.o(i.PWMOutputState) for PWMOutputState
    bsp.o(.text) refers to pwm.o(i.PWMGenEnable) for PWMGenEnable
    bsp.o(.text) refers to timer.o(i.TimerIntClear) for TimerIntClear
    bsp.o(.text) refers to keyboard.o(.text) for KeyScanLoop
    bsp.o(.text) refers to ir_driver.o(.text) for ir_timeout_check
    bsp.o(.text) refers to rt_memclr_w.o(.text) for __aeabi_memclr4
    bsp.o(.text) refers to vsprintf.o(.text) for vsprintf
    bsp.o(.text) refers to strlen.o(.text) for strlen
    bsp.o(.text) refers to uart.o(i.UARTCharPutNonBlocking) for UARTCharPutNonBlocking
    bsp.o(.text) refers to sysctl.o(.emb_text) for SysCtlDelay
    bsp.o(.text) refers to bsp.o(.data) for cnt
    croutine.o(.text) refers to list.o(.text) for vListInitialise
    croutine.o(.text) refers to heap_4.o(.text) for pvPortMalloc
    croutine.o(.text) refers to port.o(.emb_text) for ulPortSetInterruptMask
    croutine.o(.text) refers to tasks.o(.text) for xTaskGetTickCount
    croutine.o(.text) refers to croutine.o(.bss) for pxReadyCoRoutineLists
    croutine.o(.text) refers to croutine.o(.data) for pxDelayedCoRoutineList
    queue.o(.text) refers to port.o(.text) for vPortEnterCritical
    queue.o(.text) refers to tasks.o(.text) for xTaskRemoveFromEventList
    queue.o(.text) refers to list.o(.text) for vListInitialise
    queue.o(.text) refers to heap_4.o(.text) for pvPortMalloc
    queue.o(.text) refers to rt_memcpy_v6.o(.text) for __aeabi_memcpy
    queue.o(.text) refers to port.o(.emb_text) for ulPortSetInterruptMask
    queue.o(.text) refers to queue.o(.bss) for xQueueRegistry
    tasks.o(.text) refers to list.o(.text) for vListInitialise
    tasks.o(.text) refers to heap_4.o(.text) for pvPortMalloc
    tasks.o(.text) refers to aeabi_memset.o(.text) for __aeabi_memset
    tasks.o(.text) refers to port.o(.text) for pxPortInitialiseStack
    tasks.o(.text) refers to tasks.o(.bss) for pxReadyTasksLists
    tasks.o(.text) refers to tasks.o(.data) for pxDelayedTaskList
    tasks.o(.text) refers to main.o(.text) for vApplicationStackOverflowHook
[...]
    lwip_strerr                              0x0001c6fb   Thumb Code    12  lwiplib.o(.text)
    netbuf_new                               0x0001c707   Thumb Code    30  lwiplib.o(.text)
    netbuf_alloc                             0x0001c725   Thumb Code    60  lwiplib.o(.text)
    netbuf_free                              0x0001c761   Thumb Code    32  lwiplib.o(.text)
    netbuf_ref                               0x0001c781   Thumb Code    74  lwiplib.o(.text)
    netbuf_chain                             0x0001c7cb   Thumb Code    46  lwiplib.o(.text)
    netbuf_data                              0x0001c7f9   Thumb Code    64  lwiplib.o(.text)
    netbuf_next                              0x0001c839   Thumb Code    46  lwiplib.o(.text)
    netbuf_first                             0x0001c867   Thumb Code    16  lwiplib.o(.text)
    sys_untimeout                            0x0001c877   Thumb Code    90  lwiplib.o(.text)
    icmp_dest_unreach                        0x0001c967   Thumb Code    18  lwiplib.o(.text)
    ip4_addr_isbroadcast                     0x0001c979   Thumb Code    78  lwiplib.o(.text)
    igmp_input                               0x0001c9f1   Thumb Code   518  lwiplib.o(.text)
    inet_chksum_pbuf                         0x0001cbf7   Thumb Code    86  lwiplib.o(.text)
    icmp_input                               0x0001cc4d   Thumb Code   504  lwiplib.o(.text)
    mem_trim                                 0x0001ce45   Thumb Code   364  lwiplib.o(.text)
    pbuf_realloc                             0x0001cfb1   Thumb Code   120  lwiplib.o(.text)
    tcp_seg_copy                             0x0001d029   Thumb Code    38  lwiplib.o(.text)
    tcp_rexmit                               0x0001d0d9   Thumb Code    86  lwiplib.o(.text)
    tcp_rexmit_fast                          0x0001d12f   Thumb Code   120  lwiplib.o(.text)
    tcp_input                                0x0001e44b   Thumb Code  1286  lwiplib.o(.text)
    udp_input                                0x0001e951   Thumb Code   592  lwiplib.o(.text)
    raw_input                                0x0001eba1   Thumb Code   156  lwiplib.o(.text)
    ip_input                                 0x0001ec3d   Thumb Code   688  lwiplib.o(.text)
    dhcp_arp_reply                           0x0001f1d1   Thumb Code    58  lwiplib.o(.text)
    etharp_cleanup_netif                     0x0001f5a7   Thumb Code    52  lwiplib.o(.text)
    netif_set_down                           0x0001f5db   Thumb Code    42  lwiplib.o(.text)
    autoip_start                             0x0001f605   Thumb Code   106  lwiplib.o(.text)
    etharp_raw                               0x0001f685   Thumb Code   228  lwiplib.o(.text)
    autoip_arp_reply                         0x0001f7c7   Thumb Code   154  lwiplib.o(.text)
    ethernet_input                           0x0001fa19   Thumb Code   226  lwiplib.o(.text)
    sys_timeouts_mbox_fetch                  0x0001fafb   Thumb Code   132  lwiplib.o(.text)
    tcpip_input                              0x0001fc55   Thumb Code    72  lwiplib.o(.text)
    tcpip_timeout                            0x0001fc9d   Thumb Code    64  lwiplib.o(.text)
    tcpip_untimeout                          0x0001fcdd   Thumb Code    56  lwiplib.o(.text)
    tcpip_callbackmsg_new                    0x0001fd15   Thumb Code    32  lwiplib.o(.text)
    tcpip_callbackmsg_delete                 0x0001fd35   Thumb Code    14  lwiplib.o(.text)
    tcpip_trycallback                        0x0001fd43   Thumb Code    28  lwiplib.o(.text)
    sys_thread_new                           0x0001fdc5   Thumb Code   198  lwiplib.o(.text)
    igmp_tmr                                 0x0001febb   Thumb Code    38  lwiplib.o(.text)
    igmp_report_groups                       0x0001fef9   Thumb Code    36  lwiplib.o(.text)
    etharp_request                           0x0001ff1d   Thumb Code    40  lwiplib.o(.text)
    netif_set_up                             0x0001ff45   Thumb Code    70  lwiplib.o(.text)
    netif_set_gw                             0x0001ff8b   Thumb Code    16  lwiplib.o(.text)
    netif_set_netmask                        0x0001ff9b   Thumb Code    16  lwiplib.o(.text)
    netif_set_ipaddr                         0x0001ffab   Thumb Code   136  lwiplib.o(.text)
    autoip_tmr                               0x0002008f   Thumb Code   332  lwiplib.o(.text)
    dhcp_release                             0x000203bb   Thumb Code   178  lwiplib.o(.text)
    dhcp_renew                               0x00020501   Thumb Code   150  lwiplib.o(.text)
    autoip_stop                              0x00020597   Thumb Code    20  lwiplib.o(.text)
    etharp_query                             0x000206cd   Thumb Code   386  lwiplib.o(.text)
    dhcp_fine_tmr                            0x00020a59   Thumb Code    68  lwiplib.o(.text)
    dhcp_coarse_tmr                          0x00020b21   Thumb Code    74  lwiplib.o(.text)
    etharp_tmr                               0x00020b85   Thumb Code   144  lwiplib.o(.text)
    sys_timeouts_init                        0x00020c2f   Thumb Code    60  lwiplib.o(.text)
    igmp_init                                0x00020c6b   Thumb Code    18  lwiplib.o(.text)
    tcp_init                                 0x00020c7d   Thumb Code     2  lwiplib.o(.text)
    udp_init                                 0x00020c7f   Thumb Code     2  lwiplib.o(.text)
    netif_init                               0x00020c81   Thumb Code     2  lwiplib.o(.text)
    memp_init                                0x00020c83   Thumb Code   138  lwiplib.o(.text)
    mem_init                                 0x00020d0d   Thumb Code   100  lwiplib.o(.text)
    sys_init                                 0x00020d71   Thumb Code    78  lwiplib.o(.text)
    stats_init                               0x00020dbf   Thumb Code    54  lwiplib.o(.text)
    lwip_init                                0x00020df5   Thumb Code    40  lwiplib.o(.text)
    tcpip_init                               0x00020e1d   Thumb Code    52  lwiplib.o(.text)
    pbuf_free_callback                       0x00020e5f   Thumb Code    16  lwiplib.o(.text)
    mem_free_callback                        0x00020e6f   Thumb Code    16  lwiplib.o(.text)
    dhcp_set_struct                          0x00020ffb   Thumb Code    30  lwiplib.o(.text)
    dhcp_cleanup                             0x00021019   Thumb Code    24  lwiplib.o(.text)
    dhcp_stop                                0x00021031   Thumb Code    78  lwiplib.o(.text)
    dhcp_start                               0x000214cf   Thumb Code   238  lwiplib.o(.text)
    dhcp_inform                              0x000215bd   Thumb Code   188  lwiplib.o(.text)
    dhcp_network_changed                     0x00021679   Thumb Code    96  lwiplib.o(.text)
    mem_calloc                               0x000216d9   Thumb Code    32  lwiplib.o(.text)
    igmp_start                               0x000216f9   Thumb Code    66  lwiplib.o(.text)
    netif_set_addr                           0x0002173b   Thumb Code    40  lwiplib.o(.text)
    netif_add                                0x00021763   Thumb Code   150  lwiplib.o(.text)
    netif_set_default                        0x000217f9   Thumb Code    10  lwiplib.o(.text)
    igmp_stop                                0x00021803   Thumb Code   130  lwiplib.o(.text)
    netif_remove                             0x00021885   Thumb Code   110  lwiplib.o(.text)
    netif_find                               0x000218f3   Thumb Code    72  lwiplib.o(.text)
    autoip_network_changed                   0x0002193b   Thumb Code    28  lwiplib.o(.text)
    netif_set_link_up                        0x00021957   Thumb Code    92  lwiplib.o(.text)
    netif_set_link_down                      0x000219b3   Thumb Code    24  lwiplib.o(.text)
    pbuf_dechain                             0x000219cb   Thumb Code    66  lwiplib.o(.text)
    pbuf_take                                0x00021a0d   Thumb Code   116  lwiplib.o(.text)
    pbuf_coalesce                            0x00021a81   Thumb Code    60  lwiplib.o(.text)
    pbuf_get_at                              0x00021abd   Thumb Code    46  lwiplib.o(.text)
    pbuf_memcmp                              0x00021aeb   Thumb Code    96  lwiplib.o(.text)
    pbuf_memfind                             0x00021b4b   Thumb Code    76  lwiplib.o(.text)
    pbuf_strstr                              0x00021b97   Thumb Code    60  lwiplib.o(.text)
    sys_msleep                               0x00021bd3   Thumb Code    36  lwiplib.o(.text)
    tcp_setprio                              0x00021bf7   Thumb Code     4  lwiplib.o(.text)
    tcp_debug_state_str                      0x00021bfb   Thumb Code    10  lwiplib.o(.text)
    autoip_set_struct                        0x00021c05   Thumb Code    40  lwiplib.o(.text)
    igmp_dump_group_list                     0x00021c2d   Thumb Code    30  lwiplib.o(.text)
    inet_chksum_pseudo                       0x00021c4b   Thumb Code   170  lwiplib.o(.text)
    inet_chksum_pseudo_partial               0x00021cf5   Thumb Code   192  lwiplib.o(.text)
    ip4_addr_netmask_valid                   0x00021db5   Thumb Code    52  lwiplib.o(.text)
    ipaddr_aton                              0x00021de9   Thumb Code   348  lwiplib.o(.text)
    ipaddr_addr                              0x00021f45   Thumb Code    24  lwiplib.o(.text)
    ipaddr_ntoa_r                            0x00021f5d   Thumb Code   168  lwiplib.o(.text)
    ipaddr_ntoa                              0x00022005   Thumb Code    24  lwiplib.o(.text)
    etharp_find_addr                         0x0002201d   Thumb Code    82  lwiplib.o(.text)
    etharp_output                            0x000220d7   Thumb Code   360  lwiplib.o(.text)
    perf_init                                0x0002223f   Thumb Code     2  lwiplib.o(.text)
    sys_now                                  0x00022241   Thumb Code     8  lwiplib.o(.text)
    InitDMADescriptors                       0x00022249   Thumb Code   314  lwiplib.o(.text)
    tivaif_init                              0x000228bb   Thumb Code    52  lwiplib.o(.text)
    tivaif_process_phy_interrupt             0x000228ef   Thumb Code   146  lwiplib.o(.text)
    tivaif_interrupt                         0x00022981   Thumb Code    78  lwiplib.o(.text)
    LwIP_DHCP_task                           0x00022aa3   Thumb Code   190  lwiplib.o(.text)
    lwIPInit                                 0x00022c15   Thumb Code   364  lwiplib.o(.text)
    lwIPTimerCallbackRegister                0x00022d81   Thumb Code     6  lwiplib.o(.text)
    lwIPEthernetIntHandler                   0x00022d87   Thumb Code    92  lwiplib.o(.text)
    lwIPLocalIPAddrGet                       0x00022de3   Thumb Code    18  lwiplib.o(.text)
    lwIPLocalNetMaskGet                      0x00022df5   Thumb Code     6  lwiplib.o(.text)
    lwIPLocalGWAddrGet                       0x00022dfb   Thumb Code     6  lwiplib.o(.text)
    lwIPLocalMACGet                          0x00022e01   Thumb Code    24  lwiplib.o(.text)
    lwIPNetworkConfigChange                  0x00022f09   Thumb Code    38  lwiplib.o(.text)
    get_cur_ip                               0x00022f2f   Thumb Code     6  lwiplib.o(.text)
    http_parse_request                       0x0002332d   Thumb Code   486  web.o(.text)
    web_task                                 0x00023645   Thumb Code   196  web.o(.text)
    clust2sect                               0x00025941   Thumb Code    26  ff.o(.text)
    get_fat                                  0x0002595b   Thumb Code   228  ff.o(.text)
    put_fat                                  0x00025a3f   Thumb Code   314  ff.o(.text)
    f_mount                                  0x000266ef   Thumb Code    38  ff.o(.text)
    f_open                                   0x00026715   Thumb Code   346  ff.o(.text)
    f_read                                   0x0002686f   Thumb Code   474  ff.o(.text)
    f_write                                  0x00026a49   Thumb Code   522  ff.o(.text)
    f_sync                                   0x00026c53   Thumb Code   174  ff.o(.text)
    f_close                                  0x00026d01   Thumb Code    22  ff.o(.text)
    f_lseek                                  0x00026d17   Thumb Code   430  ff.o(.text)
    f_opendir                                0x00026ec5   Thumb Code   112  ff.o(.text)
    f_readdir                                0x00026f35   Thumb Code    88  ff.o(.text)
    f_stat                                   0x00026f8d   Thumb Code    58  ff.o(.text)
    f_getfree                                0x00026fc7   Thumb Code   260  ff.o(.text)
    f_truncate                               0x000270cb   Thumb Code   154  ff.o(.text)
    f_unlink                                 0x00027165   Thumb Code   170  ff.o(.text)
    f_mkdir                                  0x0002720f   Thumb Code   352  ff.o(.text)
    f_chmod                                  0x0002736f   Thumb Code    84  ff.o(.text)
    f_utime                                  0x000273c3   Thumb Code    86  ff.o(.text)
    f_rename                                 0x00027419   Thumb Code   276  ff.o(.text)
    disk_initialize                          0x000278b9   Thumb Code   406  mmc-dk-tm4c129x.o(.text)
    disk_status                              0x00027a4f   Thumb Code    14  mmc-dk-tm4c129x.o(.text)
    disk_read                                0x00027a5d   Thumb Code   142  mmc-dk-tm4c129x.o(.text)
    disk_write                               0x00027aeb   Thumb Code   188  mmc-dk-tm4c129x.o(.text)
    disk_ioctl                               0x00027ba7   Thumb Code   420  mmc-dk-tm4c129x.o(.text)
    disk_timerproc                           0x00027d4b   Thumb Code    50  mmc-dk-tm4c129x.o(.text)
    get_fattime                              0x00027d7d   Thumb Code     4  mmc-dk-tm4c129x.o(.text)
    CheckNetmask                             0x00027d85   Thumb Code    52  netconf.o(.text)
    Localhost                                0x00027db9   Thumb Code    16  netconf.o(.text)
    SetLocalhost                             0x00027dc9   Thumb Code    14  netconf.o(.text)
    GetPrimaryDNS                            0x00027dd7   Thumb Code    16  netconf.o(.text)
    SetDNS                                   0x00027de7   Thumb Code    18  netconf.o(.text)
    GetNetMask                               0x00027df9   Thumb Code    40  netconf.o(.text)
    SetNetMask                               0x00027e21   Thumb Code    14  netconf.o(.text)
    GetGateway                               0x00027e2f   Thumb Code    16  netconf.o(.text)
    SetGateway                               0x00027e3f   Thumb Code    14  netconf.o(.text)
    GetSecondaryDNS                          0x00027e4d   Thumb Code    16  netconf.o(.text)
    GetHostName                              0x00027e5d   Thumb Code     4  netconf.o(.text)
    SetHostName                              0x00027e61   Thumb Code    44  netconf.o(.text)
    htoa                                     0x00027e8d   Thumb Code    12  netconf.o(.text)
    __rt_ctype_table                         0x00027e9d   Thumb Code    16  rt_ctype_table.o(.text)
    vsprintf                                 0x00027ead   Thumb Code    32  vsprintf.o(.text)
    _printf_pre_padding                      0x00027ed1   Thumb Code    46  _printf_pad.o(.text)
    _printf_post_padding                     0x00027eff   Thumb Code    36  _printf_pad.o(.text)
    _printf_truncate_signed                  0x00027f23   Thumb Code    18  _printf_truncate.o(.text)
    _printf_truncate_unsigned                0x00027f35   Thumb Code    18  _printf_truncate.o(.text)
    _printf_str                              0x00027f47   Thumb Code    82  _printf_str.o(.text)
    _printf_int_dec                          0x00027f99   Thumb Code   102  _printf_dec.o(.text)
    _printf_charcount                        0x00028011   Thumb Code    42  _printf_charcount.o(.text)
    _printf_wctomb                           0x0002803d   Thumb Code   182  _printf_wctomb.o(.text)
    _printf_longlong_oct                     0x000280f9   Thumb Code    76  _printf_oct_int_ll.o(.text)
    _printf_int_oct                          0x00028145   Thumb Code    24  _printf_oct_int_ll.o(.text)
    _printf_ll_oct                           0x0002815d   Thumb Code    12  _printf_oct_int_ll.o(.text)
    _printf_longlong_hex                     0x00028171   Thumb Code    92  _printf_hex_int_ll_ptr.o(.text)
    _printf_int_hex                          0x000281cd   Thumb Code    28  _printf_hex_int_ll_ptr.o(.text)
    _printf_ll_hex                           0x000281e9   Thumb Code    12  _printf_hex_int_ll_ptr.o(.text)
    _printf_hex_ptr                          0x000281f5   Thumb Code    18  _printf_hex_int_ll_ptr.o(.text)
    __printf                                 0x0002820d   Thumb Code   390  __printf_flags_ss_wp.o(.text)
    __0sscanf                                0x00028399   Thumb Code    52  __0sscanf.o(.text)
    _scanf_int                               0x000283d5   Thumb Code   336  _scanf_int.o(.text)
    atoi                                     0x00028525   Thumb Code    26  atoi.o(.text)
    srand                                    0x00028541   Thumb Code    42  rand.o(.text)
    _rand_init                               0x0002856b   Thumb Code     4  rand.o(.text)
    strtok                                   0x0002857d   Thumb Code     6  strtok.o(.text)
    strchr                                   0x00028589   Thumb Code    20  strchr.o(.text)
    strstr                                   0x0002859d   Thumb Code    36  strstr.o(.text)
    memcmp                                   0x000285c1   Thumb Code    88  memcmp.o(.text)
    strlen                                   0x00028619   Thumb Code    62  strlen.o(.text)
    strncmp                                  0x00028657   Thumb Code   150  strncmp.o(.text)
    strcat                                   0x000286ed   Thumb Code    24  strcat.o(.text)
    __aeabi_memcpy                           0x00028705   Thumb Code     0  rt_memcpy_v6.o(.text)
    __rt_memcpy                              0x00028705   Thumb Code   138  rt_memcpy_v6.o(.text)
    _memcpy_lastbytes                        0x0002876b   Thumb Code     0  rt_memcpy_v6.o(.text)
    __aeabi_memcpy4                          0x0002878f   Thumb Code     0  rt_memcpy_w.o(.text)
    __aeabi_memcpy8                          0x0002878f   Thumb Code     0  rt_memcpy_w.o(.text)
    __rt_memcpy_w                            0x0002878f   Thumb Code   100  rt_memcpy_w.o(.text)
    _memcpy_lastbytes_aligned                0x000287d7   Thumb Code     0  rt_memcpy_w.o(.text)
    __aeabi_memset                           0x000287f3   Thumb Code    16  aeabi_memset.o(.text)
    __aeabi_memclr                           0x00028803   Thumb Code     0  rt_memclr.o(.text)
    __rt_memclr                              0x00028803   Thumb Code    68  rt_memclr.o(.text)
    _memset                                  0x00028807   Thumb Code     0  rt_memclr.o(.text)
    __aeabi_memclr4                          0x00028847   Thumb Code     0  rt_memclr_w.o(.text)
    __aeabi_memclr8                          0x00028847   Thumb Code     0  rt_memclr_w.o(.text)
    __rt_memclr_w                            0x00028847   Thumb Code    78  rt_memclr_w.o(.text)
    _memset_w                                0x0002884b   Thumb Code     0  rt_memclr_w.o(.text)
    strcmp                                   0x00028895   Thumb Code   128  strcmpv7m.o(.text)
    __use_two_region_memory                  0x00028915   Thumb Code     2  heapauxi.o(.text)
    __rt_heap_escrow$2region                 0x00028917   Thumb Code     2  heapauxi.o(.text)
    __rt_heap_expand$2region                 0x00028919   Thumb Code     2  heapauxi.o(.text)
    __rt_locale                              0x0002891d   Thumb Code     8  rt_locale_intlibspace.o(.text)
    __aeabi_errno_addr                       0x00028925   Thumb Code     8  rt_errno_addr_intlibspace.o(.text)
    __errno$intlibspace                      0x00028925   Thumb Code     0  rt_errno_addr_intlibspace.o(.text)
    __rt_errno_addr$intlibspace              0x00028925   Thumb Code     0  rt_errno_addr_intlibspace.o(.text)
    _printf_int_common                       0x0002892d   Thumb Code   184  _printf_intcommon.o(.text)
    _printf_char_common                      0x000289ef   Thumb Code    32  _printf_char_common.o(.text)
    _sputc                                   0x00028a15   Thumb Code    10  _sputc.o(.text)
    _printf_cs_common                        0x00028a1f   Thumb Code    20  _printf_char.o(.text)
    _printf_char                             0x00028a33   Thumb Code    16  _printf_char.o(.text)
    _printf_string                           0x00028a43   Thumb Code     8  _printf_char.o(.text)
    _printf_lcs_common                       0x00028a4b   Thumb Code    20  _printf_wchar.o(.text)
    _printf_wchar                            0x00028a5f   Thumb Code    16  _printf_wchar.o(.text)
    _printf_wstring                          0x00028a6f   Thumb Code     8  _printf_wchar.o(.text)
    _printf_longlong_dec                     0x00028a79   Thumb Code   104  _printf_longlong_dec.o(.text)
    _chval                                   0x00028af1   Thumb Code    28  _chval.o(.text)
    __vfscanf_char                           0x00028b19   Thumb Code    24  scanf_char.o(.text)
    _sgetc                                   0x00028b39   Thumb Code    30  _sgetc.o(.text)
    _sbackspace                              0x00028b57   Thumb Code    34  _sgetc.o(.text)
    strtol                                   0x00028b79   Thumb Code   112  strtol.o(.text)
    _wcrtomb                                 0x00028be9   Thumb Code    64  _wcrtomb.o(.text)
    __strtok_internal                        0x00028c29   Thumb Code    64  strtok_int.o(.text)
    __user_libspace                          0x00028c6d   Thumb Code     8  libspace.o(.text)
    __user_perproc_libspace                  0x00028c6d   Thumb Code     0  libspace.o(.text)
    __user_perthread_libspace                0x00028c6d   Thumb Code     0  libspace.o(.text)
    _ll_udiv10                               0x00028c75   Thumb Code   138  lludiv10.o(.text)
    isspace                                  0x00028cff   Thumb Code    18  isspace.o(.text)
    __lib_sel_fp_printf                      0x00028d11   Thumb Code     2  _printf_fp_dec.o(.text)
    _printf_fp_dec_real                      0x00028ebd   Thumb Code   628  _printf_fp_dec.o(.text)
    _printf_fp_hex_real                      0x00029131   Thumb Code   760  _printf_fp_hex.o(.text)
    __vfscanf                                0x00029431   Thumb Code   876  _scanf.o(.text)
    _strtoul                                 0x000297a1   Thumb Code   158  _strtoul.o(.text)
    strcspn                                  0x0002983f   Thumb Code    32  strcspn.o(.text)
    strspn                                   0x0002985f   Thumb Code    28  strspn.o(.text)
    __user_setup_stackheap                   0x0002987b   Thumb Code    74  sys_stackheap_outer.o(.text)
    _printf_fp_infnan                        0x000298c5   Thumb Code   112  _printf_fp_infnan.o(.text)
    _btod_etento                             0x00029945   Thumb Code   222  bigflt0.o(.text)
    exit                                     0x00029a29   Thumb Code    12  exit.o(.text)
    __I$use$semihosting                      0x00029a35   Thumb Code     0  use_no_semi.o(.text)
    __use_no_semihosting_swi                 0x00029a35   Thumb Code     2  use_no_semi.o(.text)
    __semihosting_library_function           0x00029a37   Thumb Code     0  indicate_semi.o(.text)
    _sys_exit                                0x00029a39   Thumb Code     8  sys_exit.o(.text)
    _btod_d2e                                0x00029a45   Thumb Code    62  btod.o(CL$$btod_d2e)
    _d2e_denorm_low                          0x00029a83   Thumb Code    70  btod.o(CL$$btod_d2e_denorm_low)
    _d2e_norm_op1                            0x00029ac9   Thumb Code    96  btod.o(CL$$btod_d2e_norm_op1)
    __btod_div_common                        0x00029b29   Thumb Code   696  btod.o(CL$$btod_div_common)
    _e2e                                     0x00029e61   Thumb Code   198  btod.o(CL$$btod_e2e)
    _btod_ediv                               0x00029f27   Thumb Code    40  btod.o(CL$$btod_ediv)
    _btod_emul                               0x00029f4f   Thumb Code    40  btod.o(CL$$btod_emul)
    __btod_mult_common                       0x00029f77   Thumb Code   580  btod.o(CL$$btod_mult_common)
    EMACAddrGet                              0x0002a1bb   Thumb Code    30  emac.o(i.EMACAddrGet)
    EMACAddrSet                              0x0002a1d9   Thumb Code    34  emac.o(i.EMACAddrSet)
    EMACConfigGet                            0x0002a1fd   Thumb Code    62  emac.o(i.EMACConfigGet)
    EMACConfigSet                            0x0002a241   Thumb Code    50  emac.o(i.EMACConfigSet)
    EMACFrameFilterSet                       0x0002a279   Thumb Code    12  emac.o(i.EMACFrameFilterSet)
    EMACInit                                 0x0002a289   Thumb Code   126  emac.o(i.EMACInit)
    EMACIntClear                             0x0002a311   Thumb Code    62  emac.o(i.EMACIntClear)
    EMACIntDisable                           0x0002a34f   Thumb Code    62  emac.o(i.EMACIntDisable)
    EMACIntEnable                            0x0002a38d   Thumb Code    70  emac.o(i.EMACIntEnable)
    EMACIntStatus                            0x0002a3d3   Thumb Code    46  emac.o(i.EMACIntStatus)
    EMACPHYConfigSet                         0x0002a401   Thumb Code   118  emac.o(i.EMACPHYConfigSet)
    EMACPHYRead                              0x0002a489   Thumb Code    42  emac.o(i.EMACPHYRead)
    EMACPHYWrite                             0x0002a4b3   Thumb Code    42  emac.o(i.EMACPHYWrite)
    EMACRxDMADescriptorListSet               0x0002a4dd   Thumb Code     6  emac.o(i.EMACRxDMADescriptorListSet)
    EMACRxEnable                             0x0002a4e3   Thumb Code    22  emac.o(i.EMACRxEnable)
    EMACTimestampIntStatus                   0x0002a4f9   Thumb Code     6  emac.o(i.EMACTimestampIntStatus)
    EMACTxDMADescriptorListSet               0x0002a4ff   Thumb Code     6  emac.o(i.EMACTxDMADescriptorListSet)
    EMACTxDMAPollDemand                      0x0002a505   Thumb Code     8  emac.o(i.EMACTxDMAPollDemand)
    EMACTxEnable                             0x0002a50d   Thumb Code    22  emac.o(i.EMACTxEnable)
    GPIODirModeSet                           0x0002a523   Thumb Code    40  gpio.o(i.GPIODirModeSet)
    GPIOIntClear                             0x0002a54b   Thumb Code     6  gpio.o(i.GPIOIntClear)
    GPIOIntEnable                            0x0002a551   Thumb Code    14  gpio.o(i.GPIOIntEnable)
    GPIOIntStatus                            0x0002a55f   Thumb Code    14  gpio.o(i.GPIOIntStatus)
    GPIOIntTypeSet                           0x0002a56d   Thumb Code    80  gpio.o(i.GPIOIntTypeSet)
    GPIOPadConfigSet                         0x0002a5bd   Thumb Code   318  gpio.o(i.GPIOPadConfigSet)
    GPIOPinConfigure                         0x0002a6fd   Thumb Code    64  gpio.o(i.GPIOPinConfigure)
    GPIOPinRead                              0x0002a745   Thumb Code     6  gpio.o(i.GPIOPinRead)
    GPIOPinTypeEthernetLED                   0x0002a74b   Thumb Code    28  gpio.o(i.GPIOPinTypeEthernetLED)
    GPIOPinTypeGPIOInput                     0x0002a767   Thumb Code    28  gpio.o(i.GPIOPinTypeGPIOInput)
    GPIOPinTypeGPIOOutput                    0x0002a783   Thumb Code    28  gpio.o(i.GPIOPinTypeGPIOOutput)
    GPIOPinTypePWM                           0x0002a79f   Thumb Code    28  gpio.o(i.GPIOPinTypePWM)
    GPIOPinTypeUART                          0x0002a7bb   Thumb Code    28  gpio.o(i.GPIOPinTypeUART)
    GPIOPinWrite                             0x0002a7d7   Thumb Code     6  gpio.o(i.GPIOPinWrite)
    IntDisable                               0x0002a7dd   Thumb Code    92  interrupt.o(i.IntDisable)
    IntEnable                                0x0002a841   Thumb Code    92  interrupt.o(i.IntEnable)
    IntMasterEnable                          0x0002a8a5   Thumb Code    14  interrupt.o(i.IntMasterEnable)
    IntPrioritySet                           0x0002a8b5   Thumb Code    36  interrupt.o(i.IntPrioritySet)
    PWMClockSet                              0x0002a8dd   Thumb Code    22  pwm.o(i.PWMClockSet)
    PWMGenConfigure                          0x0002a8f3   Thumb Code    38  pwm.o(i.PWMGenConfigure)
    PWMGenEnable                             0x0002a919   Thumb Code    10  pwm.o(i.PWMGenEnable)
    PWMGenPeriodGet                          0x0002a923   Thumb Code    18  pwm.o(i.PWMGenPeriodGet)
    PWMGenPeriodSet                          0x0002a935   Thumb Code    18  pwm.o(i.PWMGenPeriodSet)
    PWMOutputState                           0x0002a947   Thumb Code    16  pwm.o(i.PWMOutputState)
    PWMPulseWidthSet                         0x0002a957   Thumb Code    32  pwm.o(i.PWMPulseWidthSet)
    SysCtlClockFreqSet                       0x0002a979   Thumb Code   672  sysctl.o(i.SysCtlClockFreqSet)
    SysCtlDeepSleep                          0x0002ac41   Thumb Code    26  sysctl.o(i.SysCtlDeepSleep)
    SysCtlPeripheralEnable                   0x0002ac61   Thumb Code    36  sysctl.o(i.SysCtlPeripheralEnable)
    SysCtlPeripheralPresent                  0x0002ac89   Thumb Code    40  sysctl.o(i.SysCtlPeripheralPresent)
    SysCtlPeripheralReady                    0x0002acb5   Thumb Code    40  sysctl.o(i.SysCtlPeripheralReady)
    SysCtlPeripheralReset                    0x0002ace1   Thumb Code    56  sysctl.o(i.SysCtlPeripheralReset)
    TimerConfigure                           0x0002ad1d   Thumb Code    88  timer.o(i.TimerConfigure)
    TimerEnable                              0x0002ad7d   Thumb Code    14  timer.o(i.TimerEnable)
    TimerIntClear                            0x0002ad8b   Thumb Code     4  timer.o(i.TimerIntClear)
    TimerIntEnable                           0x0002ad8f   Thumb Code     8  timer.o(i.TimerIntEnable)
    TimerLoadSet                             0x0002ad97   Thumb Code    18  timer.o(i.TimerLoadSet)
    TimerValueGet                            0x0002ada9   Thumb Code    10  timer.o(i.TimerValueGet)
    UARTCharGetNonBlocking                   0x0002adb3   Thumb Code    16  uart.o(i.UARTCharGetNonBlocking)
    UARTCharPutNonBlocking                   0x0002adc3   Thumb Code    16  uart.o(i.UARTCharPutNonBlocking)
    UARTCharsAvail                           0x0002add3   Thumb Code    10  uart.o(i.UARTCharsAvail)
    UARTConfigSetExpClk                      0x0002addd   Thumb Code   110  uart.o(i.UARTConfigSetExpClk)
    UARTEnable                               0x0002ae4b   Thumb Code    20  uart.o(i.UARTEnable)
    UARTIntClear                             0x0002ae5f   Thumb Code     4  uart.o(i.UARTIntClear)
    UARTIntEnable                            0x0002ae63   Thumb Code     8  uart.o(i.UARTIntEnable)
    UARTIntStatus                            0x0002ae6b   Thumb Code    10  uart.o(i.UARTIntStatus)
    WatchdogEnable                           0x0002ae75   Thumb Code    10  watchdog.o(i.WatchdogEnable)
    WatchdogReloadSet                        0x0002ae7f   Thumb Code     4  watchdog.o(i.WatchdogReloadSet)
    WatchdogResetEnable                      0x0002ae83   Thumb Code    10  watchdog.o(i.WatchdogResetEnable)
    __ARM_fpclassify                         0x0002ae8d   Thumb Code    48  fpclassify.o(i.__ARM_fpclassify)
    _is_digit                                0x0002aebd   Thumb Code    14  __printf_wp.o(i._is_digit)
    _get_lc_ctype                            0x0002aecd   Thumb Code    44  lc_ctype_c.o(locale$$code)
    _get_lc_numeric                          0x0002aef9   Thumb Code    44  lc_numeric_c.o(locale$$code)
    __aeabi_d2f                              0x0002af25   Thumb Code     0  d2f.o(x$fpl$d2f)
    _d2f                                     0x0002af25   Thumb Code    98  d2f.o(x$fpl$d2f)
    __aeabi_ddiv                             0x0002af89   Thumb Code     0  ddiv.o(x$fpl$ddiv)
    _ddiv                                    0x0002af89   Thumb Code   552  ddiv.o(x$fpl$ddiv)
    __aeabi_i2d                              0x0002b239   Thumb Code     0  dflt_clz.o(x$fpl$dflt)
    _dflt                                    0x0002b239   Thumb Code    46  dflt_clz.o(x$fpl$dflt)
    __aeabi_ui2d                             0x0002b267   Thumb Code     0  dflt_clz.o(x$fpl$dfltu)
    _dfltu                                   0x0002b267   Thumb Code    38  dflt_clz.o(x$fpl$dfltu)
    __fpl_dnaninf                            0x0002b28d   Thumb Code   156  dnaninf.o(x$fpl$dnaninf)
    __fpl_dretinf                            0x0002b329   Thumb Code    12  dretinf.o(x$fpl$dretinf)
    __aeabi_f2d                              0x0002b335   Thumb Code     0  f2d.o(x$fpl$f2d)
    _f2d                                     0x0002b335   Thumb Code    86  f2d.o(x$fpl$f2d)
    __fpl_fnaninf                            0x0002b38b   Thumb Code   140  fnaninf.o(x$fpl$fnaninf)
    _fp_init                                 0x0002b417   Thumb Code    10  fpinit.o(x$fpl$fpinit)
    __fplib_config_fpu_vfp                   0x0002b41f   Thumb Code     0  fpinit.o(x$fpl$fpinit)
    __fplib_config_pureend_doubles           0x0002b41f   Thumb Code     0  fpinit.o(x$fpl$fpinit)
    __fpl_fretinf                            0x0002b421   Thumb Code    10  fretinf.o(x$fpl$fretinf)
    _printf_fp_dec                           0x0002b42b   Thumb Code     4  printf1.o(x$fpl$printf1)
    _printf_fp_hex                           0x0002b42f   Thumb Code     4  printf2.o(x$fpl$printf2)
    __I$use$fp                               0x0002b432   Number         0  usenofp.o(x$fpl$usenofp)
    c_master_gain                            0x0002b8d4   Data         216  dsp_app.o(.constdata)
    filter_12db                              0x0002b9ac   Data         852  dsp_app.o(.constdata)
    filter_24db                              0x0002bd00   Data        1704  dsp_app.o(.constdata)
    filter_48db                              0x0002c3a8   Data        3408  dsp_app.o(.constdata)
    c_eq_gain                                0x0002d0f8   Data         136  dsp_app.o(.constdata)
    c_ulEqQFractionTbl                       0x0002d180   Data          40  dsp_app.o(.constdata)
    sub_name                                 0x0002d7a8   Data          52  display_task.o(.constdata)
    file_update_htm                          0x000882f8   Data          20  enet_fs.o(.constdata)
    file_setup_htm                           0x0008830c   Data          20  enet_fs.o(.constdata)
    file_roomEQ_htm                          0x00088320   Data          20  enet_fs.o(.constdata)
    file_readme_txt                          0x00088334   Data          20  enet_fs.o(.constdata)
    file_preset_htm                          0x00088348   Data          20  enet_fs.o(.constdata)
    file_js_triadcomm_js                     0x0008835c   Data          20  enet_fs.o(.constdata)
    file_js_tmpl_js                          0x00088370   Data          20  enet_fs.o(.constdata)
    file_js_jshashtable_2_1_src_js           0x00088384   Data          20  enet_fs.o(.constdata)
    file_js_jquery_slider_js                 0x00088398   Data          20  enet_fs.o(.constdata)
    file_js_jquery_numberformatter_1_2_3_js  0x000883ac   Data          20  enet_fs.o(.constdata)
    file_js_jquery_dependClass_0_1_js        0x000883c0   Data          20  enet_fs.o(.constdata)
    file_js_fun_min_js                       0x000883d4   Data          20  enet_fs.o(.constdata)
    file_js_draggable_0_1_js                 0x000883e8   Data          20  enet_fs.o(.constdata)
    file_ipConfig_htm                        0x000883fc   Data          20  enet_fs.o(.constdata)
    file_img_jslider_round_png               0x00088410   Data          20  enet_fs.o(.constdata)
    file_img_jslider_round_plastic_png       0x00088424   Data          20  enet_fs.o(.constdata)
    file_img_jslider_png                     0x00088438   Data          20  enet_fs.o(.constdata)
    file_img_jslider_plastic_png             0x0008844c   Data          20  enet_fs.o(.constdata)
    file_img_jslider_blue_png                0x00088460   Data          20  enet_fs.o(.constdata)
    file_images_screen_btn_png               0x00088474   Data          20  enet_fs.o(.constdata)
    file_images_logo_png                     0x00088488   Data          20  enet_fs.o(.constdata)
    file_images_info_gif                     0x0008849c   Data          20  enet_fs.o(.constdata)
    file_images_header_bar_bg_png            0x000884b0   Data          20  enet_fs.o(.constdata)
    file_images_file_btn_png                 0x000884c4   Data          20  enet_fs.o(.constdata)
    file_images_EQ_bg_png                    0x000884d8   Data          20  enet_fs.o(.constdata)
    file_home_htm                            0x000884ec   Data          20  enet_fs.o(.constdata)
    file_css_jslider_plastic_css             0x00088500   Data          20  enet_fs.o(.constdata)
    file_css_jslider_css                     0x00088514   Data          20  enet_fs.o(.constdata)
    file_Config_htm                          0x00088528   Data          20  enet_fs.o(.constdata)
    file_about_htm                           0x0008853c   Data          20  enet_fs.o(.constdata)
    tcp_state_str                            0x00088584   Data          44  lwiplib.o(.constdata)
    tcp_backoff                              0x000885b0   Data          13  lwiplib.o(.constdata)
    tcp_persist_backoff                      0x000885bd   Data           7  lwiplib.o(.constdata)
    tcp_pcb_lists                            0x000885c4   Data          16  lwiplib.o(.constdata)
    ip_addr_any                              0x000885d4   Data           4  lwiplib.o(.constdata)
    ip_addr_broadcast                        0x000885d8   Data           4  lwiplib.o(.constdata)
    ethbroadcast                             0x000885dc   Data           6  lwiplib.o(.constdata)
    ethzero                                  0x000885e2   Data           6  lwiplib.o(.constdata)
    g_pCGI                                   0x00088818   Data           8  web.o(.constdata)
    Region$$Table$$Base                      0x00089ec0   Number         0  anon$$obj.o(Region$$Table)
    Region$$Table$$Limit                     0x00089ee0   Number         0  anon$$obj.o(Region$$Table)
    __ctype                                  0x00089eed   Data           0  lc_ctype_c.o(locale$$data)
    Load$$INIT_SECTION$$Base                 0x0008a00c   Number         0  anon$$obj.o ABSOLUTE
    __init_cmd_help                          0x0008a00c   Data          16  osal_console.o(INIT_CMD)
    __init_cmd_lcd                           0x0008a01c   Data          16  system_task.o(INIT_CMD)
    __init_cmd_list_create                   0x0008a02c   Data          16  display_task.o(INIT_CMD)
    __init_cmd_list_next                     0x0008a03c   Data          16  display_task.o(INIT_CMD)
    __init_cmd_list_prev                     0x0008a04c   Data          16  display_task.o(INIT_CMD)
    __init_cmd_list_enter                    0x0008a05c   Data          16  display_task.o(INIT_CMD)
    __init_cmd_dis                           0x0008a06c   Data          16  display_task.o(INIT_CMD)
    __init_cmd_eppw                          0x0008a07c   Data          16  eprom_driver.o(INIT_CMD)
    __init_cmd_eppr                          0x0008a08c   Data          16  eprom_driver.o(INIT_CMD)
    __init_cmd_clk                           0x0008a09c   Data          16  njw1195_driver.o(INIT_CMD)
    pxCurrentTCB                             0x20000004   Data           4  tasks.o(.data)
    version                                  0x20000058   Data           4  main.o(.data)
    gSysClock                                0x2000005c   Data           4  main.o(.data)
    keylist                                  0x20000064   Data         168  keyboard.o(.data)
    gCode                                    0x2000010c   Data           3  keyboard.o(.data)
    ring_list                                0x20000124   Data          12  osal_ringbuf.o(.data)
    detectlist                               0x20000130   Data         160  osal_detect.o(.data)
    gEqTemp                                  0x200001d0   Data          20  system_task.o(.data)
    gSysQueue                                0x200001f0   Data           4  system_task.o(.data)
    gSystem_t                                0x200001f4   Data           4  system_task.o(.data)
    gIrOutputCmd                             0x200001f8   Data           1  system_task.o(.data)
    gDisQueue                                0x20000200   Data           4  display_task.o(.data)
    gMenuHead                                0x20000204   Data           4  display_task.o(.data)
    cur_menu                                 0x20000208   Data           4  display_task.o(.data)
    last_menu                                0x2000020c   Data           4  display_task.o(.data)
    ir_commond                               0x20000252   Data          19  ir_driver.o(.data)
    repeat_commond                           0x20000265   Data           1  ir_driver.o(.data)
    repeat_thres                             0x20000266   Data           1  ir_driver.o(.data)
    gIr_timeout                              0x20000268   Data           2  ir_driver.o(.data)
    g_TxDescList                             0x200002e8   Data          16  lwiplib.o(.data)
    g_RxDescList                             0x200002f8   Data          16  lwiplib.o(.data)
    netif_list                               0x20000340   Data           4  lwiplib.o(.data)
    netif_default                            0x20000344   Data           4  lwiplib.o(.data)
    pbuf_free_ooseq_pending                  0x20000349   Data           1  lwiplib.o(.data)
    tcp_ticks                                0x20000350   Data           4  lwiplib.o(.data)
    tcp_bound_pcbs                           0x20000354   Data           4  lwiplib.o(.data)
    tcp_listen_pcbs                          0x20000358   Data           4  lwiplib.o(.data)
    tcp_active_pcbs                          0x2000035c   Data           4  lwiplib.o(.data)
    tcp_tw_pcbs                              0x20000360   Data           4  lwiplib.o(.data)
    tcp_tmp_pcb                              0x20000364   Data           4  lwiplib.o(.data)
    tcp_active_pcbs_changed                  0x20000368   Data           1  lwiplib.o(.data)
    tcp_input_pcb                            0x20000388   Data           4  lwiplib.o(.data)
    udp_pcbs                                 0x20000394   Data           4  lwiplib.o(.data)
    current_netif                            0x200003a4   Data           4  lwiplib.o(.data)
    current_header                           0x200003a8   Data           4  lwiplib.o(.data)
    current_iphdr_src                        0x200003ac   Data           4  lwiplib.o(.data)
    current_iphdr_dest                       0x200003b0   Data           4  lwiplib.o(.data)
    g_ui32NormalInts                         0x200003b8   Data           4  lwiplib.o(.data)
    g_ui32AbnormalInts                       0x200003bc   Data           4  lwiplib.o(.data)
    g_pfnTimerHandler                        0x200003c0   Data           4  lwiplib.o(.data)
    g_Page_CGI                               0x200003d4   Data          56  web.o(.data)
    g_MACArray                               0x20000410   Data           6  web.o(.data)
    g_NumCGI                                 0x20000418   Data           4  web.o(.data)
    xQueueRegistry                           0x2000042c   Data          80  queue.o(.bss)
    console                                  0x2000b628   Data         524  serial.o(.bss)
    gSystem_last                             0x2000b834   Data          84  system_task.o(.bss)
    ir_front                                 0x2000b990   Data         524  ir_driver.o(.bss)
    ir_in                                    0x2000bb9c   Data         524  ir_driver.o(.bss)
    dhcp_rx_options_val                      0x2000c08c   Data          40  lwiplib.o(.bss)
    dhcp_rx_options_given                    0x2000c0b4   Data          10  lwiplib.o(.bss)
    ram_heap                                 0x2000c0be   Data       65564  lwiplib.o(.bss)
    lwip_stats                               0x20024cb0   Data         472  lwiplib.o(.bss)
    g_sDriverStats                           0x20025930   Data          44  lwiplib.o(.bss)
    g_pTxDescriptors                         0x2002595c   Data         864  lwiplib.o(.bss)
    g_pRxDescriptors                         0x20025cbc   Data         288  lwiplib.o(.bss)
    net_context                              0x20027018   Data          88  netconf.o(.bss)
    _random_number_data                      0x20027070   Data         228  rand.o(.bss)
    __libspace_start                         0x20027154   Data          96  libspace.o(.bss)
    __temporary_stack_top$libspace           0x200271b4   Data           0  libspace.o(.bss)



==============================================================================

Memory Map of the image

  Image Entry point : 0x0000d21d

  Load Region LR_IROM1 (Base: 0x0000d000, Size: 0x0007d4d8, Max: 0x000f3000, ABSOLUTE, COMPRESSED[0x0007d264])

    Execution Region ER_IROM1 (Base: 0x0000d000, Size: 0x0007d00c, Max: 0x000f3000, ABSOLUTE)

    Base Addr    Size         Type   Attr      Idx    E Section Name        Object

    0x0000d000   0x0000021c   Code   RO            3    RESET               startup_rvmdk.o
    0x0000d21c   0x00000008   Code   RO         3893  * !!!main             c_w.l(__main.o)
    0x0000d224   0x00000034   Code   RO         4185    !!!scatter          c_w.l(__scatter.o)
    0x0000d258   0x0000005a   Code   RO         4183    !!dczerorl2         c_w.l(__dczerorl2.o)
    0x0000d2b2   0x00000002   PAD
    0x0000d2b4   0x0000001c   Code   RO         4187    !!handler_zi        c_w.l(__scatter_zi.o)
    0x0000d2d0   0x00000000   Code   RO         3845    .ARM.Collect$$_printf_percent$$00000000  c_w.l(_printf_percent.o)
    0x0000d2d0   0x00000006   Code   RO         3838    .ARM.Collect$$_printf_percent$$00000001  c_w.l(_printf_n.o)
    0x0000d2d6   0x00000006   Code   RO         3840    .ARM.Collect$$_printf_percent$$00000002  c_w.l(_printf_p.o)
    0x0000d2dc   0x00000006   Code   RO         3934    .ARM.Collect$$_printf_percent$$00000003  c_w.l(_printf_f.o)
    0x0000d2e2   0x00000006   Code   RO         3935    .ARM.Collect$$_printf_percent$$00000004  c_w.l(_printf_e.o)
    0x0000d2e8   0x00000006   Code   RO         3936    .ARM.Collect$$_printf_percent$$00000005  c_w.l(_printf_g.o)
    0x0000d2ee   0x00000006   Code   RO         3937    .ARM.Collect$$_printf_percent$$00000006  c_w.l(_printf_a.o)
    0x0000d2f4   0x0000000a   Code   RO         3942    .ARM.Collect$$_printf_percent$$00000007  c_w.l(_printf_ll.o)
    0x0000d2fe   0x00000006   Code   RO         3842    .ARM.Collect$$_printf_percent$$00000008  c_w.l(_printf_i.o)
    0x0000d304   0x00000006   Code   RO         3843    .ARM.Collect$$_printf_percent$$00000009  c_w.l(_printf_d.o)
    0x0000d30a   0x00000006   Code   RO         3844    .ARM.Collect$$_printf_percent$$0000000A  c_w.l(_printf_u.o)
    0x0000d310   0x00000006   Code   RO         3841    .ARM.Collect$$_printf_percent$$0000000B  c_w.l(_printf_o.o)
    0x0000d316   0x00000006   Code   RO         3839    .ARM.Collect$$_printf_percent$$0000000C  c_w.l(_printf_x.o)
    0x0000d31c   0x00000006   Code   RO         3939    .ARM.Collect$$_printf_percent$$0000000D  c_w.l(_printf_lli.o)
    0x0000d322   0x00000006   Code   RO         3940    .ARM.Collect$$_printf_percent$$0000000E  c_w.l(_printf_lld.o)
    0x0000d328   0x00000006   Code   RO         3941    .ARM.Collect$$_printf_percent$$0000000F  c_w.l(_printf_llu.o)
    0x0000d32e   0x00000006   Code   RO         3945    .ARM.Collect$$_printf_percent$$00000010  c_w.l(_printf_llo.o)
    0x0000d334   0x00000006   Code   RO         3946    .ARM.Collect$$_printf_percent$$00000011  c_w.l(_printf_llx.o)
    0x0000d33a   0x0000000a   Code   RO         3943    .ARM.Collect$$_printf_percent$$00000012  c_w.l(_printf_l.o)
    0x0000d344   0x00000006   Code   RO         3836    .ARM.Collect$$_printf_percent$$00000013  c_w.l(_printf_c.o)
    0x0000d34a   0x00000006   Code   RO         3837    .ARM.Collect$$_printf_percent$$00000014  c_w.l(_printf_s.o)
    0x0000d350   0x00000006   Code   RO         3846    .ARM.Collect$$_printf_percent$$00000015  c_w.l(_printf_lc.o)
    0x0000d356   0x00000006   Code   RO         3944    .ARM.Collect$$_printf_percent$$00000016  c_w.l(_printf_ls.o)
    0x0000d35c   0x00000004   Code   RO         3938    .ARM.Collect$$_printf_percent$$00000017  c_w.l(_printf_percent_end.o)
    0x0000d360   0x00000002   Code   RO         4106    .ARM.Collect$$libinit$$00000000  c_w.l(libinit.o)
    0x0000d362   0x00000004   Code   RO         3962    .ARM.Collect$$libinit$$00000001  c_w.l(libinit2.o)
    0x0000d366   0x00000000   Code   RO         3966    .ARM.Collect$$libinit$$00000008  c_w.l(libinit2.o)
    0x0000d366   0x00000000   Code   RO         3968    .ARM.Collect$$libinit$$0000000A  c_w.l(libinit2.o)
    0x0000d366   0x00000004   Code   RO         3969    .ARM.Collect$$libinit$$0000000B  c_w.l(libinit2.o)
    0x0000d36a   0x00000000   Code   RO         3970    .ARM.Collect$$libinit$$0000000C  c_w.l(libinit2.o)
    0x0000d36a   0x00000006   Code   RO         3971    .ARM.Collect$$libinit$$0000000D  c_w.l(libinit2.o)
    0x0000d370   0x00000000   Code   RO         3973    .ARM.Collect$$libinit$$0000000F  c_w.l(libinit2.o)
    0x0000d370   0x0000000c   Code   RO         3974    .ARM.Collect$$libinit$$00000010  c_w.l(libinit2.o)
    0x0000d37c   0x00000000   Code   RO         3975    .ARM.Collect$$libinit$$00000011  c_w.l(libinit2.o)
    0x0000d37c   0x00000000   Code   RO         3977    .ARM.Collect$$libinit$$00000013  c_w.l(libinit2.o)
    0x0000d37c   0x0000000a   Code   RO         3978    .ARM.Collect$$libinit$$00000014  c_w.l(libinit2.o)
    0x0000d386   0x00000000   Code   RO         3979    .ARM.Collect$$libinit$$00000015  c_w.l(libinit2.o)
    0x0000d386   0x00000000   Code   RO         3981    .ARM.Collect$$libinit$$00000017  c_w.l(libinit2.o)
    0x0000d386   0x00000000   Code   RO         3983    .ARM.Collect$$libinit$$00000019  c_w.l(libinit2.o)
    0x0000d386   0x00000000   Code   RO         3985    .ARM.Collect$$libinit$$0000001B  c_w.l(libinit2.o)
    0x0000d386   0x00000000   Code   RO         3987    .ARM.Collect$$libinit$$0000001D  c_w.l(libinit2.o)
    0x0000d386   0x00000000   Code   RO         3989    .ARM.Collect$$libinit$$0000001F  c_w.l(libinit2.o)
    0x0000d386   0x00000000   Code   RO         3991    .ARM.Collect$$libinit$$00000021  c_w.l(libinit2.o)
    0x0000d386   0x00000000   Code   RO         3993    .ARM.Collect$$libinit$$00000023  c_w.l(libinit2.o)
    0x0000d386   0x00000000   Code   RO         3997    .ARM.Collect$$libinit$$0000002A  c_w.l(libinit2.o)
    0x0000d386   0x00000000   Code   RO         3999    .ARM.Collect$$libinit$$0000002C  c_w.l(libinit2.o)
    0x0000d386   0x00000000   Code   RO         4001    .ARM.Collect$$libinit$$0000002E  c_w.l(libinit2.o)
    0x0000d386   0x00000000   Code   RO         4003    .ARM.Collect$$libinit$$00000030  c_w.l(libinit2.o)
    0x0000d386   0x00000002   Code   RO         4004    .ARM.Collect$$libinit$$00000031  c_w.l(libinit2.o)
    0x0000d388   0x00000002   Code   RO         4145    .ARM.Collect$$libshutdown$$00000000  c_w.l(libshutdown.o)
    0x0000d38a   0x00000000   Code   RO         4152    .ARM.Collect$$libshutdown$$00000003  c_w.l(libshutdown2.o)
    0x0000d38a   0x00000000   Code   RO         4155    .ARM.Collect$$libshutdown$$00000006  c_w.l(libshutdown2.o)
    0x0000d38a   0x00000000   Code   RO         4158    .ARM.Collect$$libshutdown$$00000009  c_w.l(libshutdown2.o)
    0x0000d38a   0x00000000   Code   RO         4160    .ARM.Collect$$libshutdown$$0000000B  c_w.l(libshutdown2.o)
    0x0000d38a   0x00000000   Code   RO         4163    .ARM.Collect$$libshutdown$$0000000E  c_w.l(libshutdown2.o)
    0x0000d38a   0x00000002   Code   RO         4164    .ARM.Collect$$libshutdown$$0000000F  c_w.l(libshutdown2.o)
    0x0000d38c   0x00000000   Code   RO         3909    .ARM.Collect$$rtentry$$00000000  c_w.l(rtentry.o)
    0x0000d38c   0x00000000   Code   RO         4026    .ARM.Collect$$rtentry$$00000002  c_w.l(rtentry2.o)
    0x0000d38c   0x00000006   Code   RO         4038    .ARM.Collect$$rtentry$$00000004  c_w.l(rtentry4.o)
    0x0000d392   0x00000000   Code   RO         4028    .ARM.Collect$$rtentry$$00000009  c_w.l(rtentry2.o)
    0x0000d392   0x00000004   Code   RO         4029    .ARM.Collect$$rtentry$$0000000A  c_w.l(rtentry2.o)
    0x0000d396   0x00000000   Code   RO         4031    .ARM.Collect$$rtentry$$0000000C  c_w.l(rtentry2.o)
    0x0000d396   0x00000008   Code   RO         4032    .ARM.Collect$$rtentry$$0000000D  c_w.l(rtentry2.o)
    0x0000d39e   0x00000002   Code   RO         4113    .ARM.Collect$$rtexit$$00000000  c_w.l(rtexit.o)
    0x0000d3a0   0x00000000   Code   RO         4125    .ARM.Collect$$rtexit$$00000002  c_w.l(rtexit2.o)
    0x0000d3a0   0x00000004   Code   RO         4126    .ARM.Collect$$rtexit$$00000003  c_w.l(rtexit2.o)
    0x0000d3a4   0x00000006   Code   RO         4127    .ARM.Collect$$rtexit$$00000004  c_w.l(rtexit2.o)
    0x0000d3aa   0x00000002   PAD
    0x0000d3ac   0x000000ae   Code   RO          212    .emb_text           port.o
    0x0000d45a   0x00000002   PAD
    0x0000d45c   0x00000006   Code   RO         2714    .emb_text           driverlib.lib(sysctl.o)
    0x0000d462   0x00000002   PAD
    0x0000d464   0x00000026   Code   RO         3710    .emb_text           driverlib.lib(cpu.o)
    0x0000d48a   0x00000002   PAD
    0x0000d48c   0x00000034   Code   RO         3855    .emb_text           c_w.l(rand.o)
    0x0000d4c0   0x00000018   Code   RO            4    .text               startup_rvmdk.o
    0x0000d4d8   0x0000065c   Code   RO           11    .text               bsp.o
    0x0000db34   0x00000094   Code   RO          161    .text               list.o
    0x0000dbc8   0x00000948   Code   RO          173    .text               queue.o
    0x0000e510   0x00000d10   Code   RO          188    .text               tasks.o
    0x0000f220   0x000000f0   Code   RO          213    .text               port.o
    0x0000f310   0x000001b0   Code   RO          230    .text               heap_4.o
    0x0000f4c0   0x00000240   Code   RO          245    .text               main.o
    0x0000f700   0x00000160   Code   RO          301    .text               serial.o
    0x0000f860   0x0000025c   Code   RO          331    .text               osal_console.o
    0x0000fabc   0x000014bc   Code   RO          352    .text               keyboard.o
    0x00010f78   0x000003d4   Code   RO          409    .text               osal_soft_iic.o
    0x0001134c   0x00000110   Code   RO          430    .text               osal_utility.o
    0x0001145c   0x00000170   Code   RO          444    .text               osal_ringbuf.o
    0x000115cc   0x000002a4   Code   RO          461    .text               osal_detect.o
    0x00011870   0x0000076c   Code   RO          477    .text               dsp_app.o
    0x00011fdc   0x00000038   Code   RO          507    .text               console_task.o
    0x00012014   0x00002654   Code   RO          532    .text               system_task.o
    0x00014668   0x00001ad8   Code   RO          655    .text               display_task.o
    0x00016140   0x000003d0   Code   RO          686    .text               lcd_driver.o
    0x00016510   0x00000218   Code   RO          703    .text               eprom_driver.o
    0x00016728   0x00000600   Code   RO          726    .text               ir_driver.o
    0x00016d28   0x0000029c   Code   RO          746    .text               njw1195_driver.o
    0x00016fc4   0x0000021c   Code   RO          768    .text               cs4251x.o
    0x000171e0   0x00000688   Code   RO          783    .text               cs485xx.o
    0x00017868   0x00000110   Code   RO          818    .text               sw_spi.o
    0x00017978   0x00000174   Code   RO          848    .text               enet_fs.o
    0x00017aec   0x0000b494   Code   RO          979    .text               lwiplib.o
    0x00022f80   0x0000280c   Code   RO         1288    .text               web.o
    0x0002578c   0x00001da0   Code   RO         1365    .text               ff.o
    0x0002752c   0x00000858   Code   RO         1391    .text               mmc-dk-tm4c129x.o
    0x00027d84   0x00000118   Code   RO         1516    .text               netconf.o
    0x00027e9c   0x00000010   Code   RO         3760    .text               c_w.l(rt_ctype_table.o)
    0x00027eac   0x00000024   Code   RO         3764    .text               c_w.l(vsprintf.o)
    0x00027ed0   0x00000052   Code   RO         3776    .text               c_w.l(_printf_pad.o)
    0x00027f22   0x00000024   Code   RO         3778    .text               c_w.l(_printf_truncate.o)
    0x00027f46   0x00000052   Code   RO         3780    .text               c_w.l(_printf_str.o)
    0x00027f98   0x00000078   Code   RO         3782    .text               c_w.l(_printf_dec.o)
    0x00028010   0x0000002a   Code   RO         3784    .text               c_w.l(_printf_charcount.o)
    0x0002803a   0x00000002   PAD
    0x0002803c   0x000000bc   Code   RO         3786    .text               c_w.l(_printf_wctomb.o)
    0x000280f8   0x00000078   Code   RO         3793    .text               c_w.l(_printf_oct_int_ll.o)
    0x00028170   0x0000009c   Code   RO         3813    .text               c_w.l(_printf_hex_int_ll_ptr.o)
    0x0002820c   0x0000018c   Code   RO         3833    .text               c_w.l(__printf_flags_ss_wp.o)
    0x00028398   0x0000003c   Code   RO         3847    .text               c_w.l(__0sscanf.o)
    0x000283d4   0x00000150   Code   RO         3849    .text               c_w.l(_scanf_int.o)
    0x00028524   0x0000001a   Code   RO         3851    .text               c_w.l(atoi.o)
    0x0002853e   0x00000002   PAD
    0x00028540   0x0000003c   Code   RO         3856    .text               c_w.l(rand.o)
    0x0002857c   0x0000000c   Code   RO         3860    .text               c_w.l(strtok.o)
    0x00028588   0x00000014   Code   RO         3863    .text               c_w.l(strchr.o)
    0x0002859c   0x00000024   Code   RO         3865    .text               c_w.l(strstr.o)
    0x000285c0   0x00000058   Code   RO         3867    .text               c_w.l(memcmp.o)
    0x00028618   0x0000003e   Code   RO         3871    .text               c_w.l(strlen.o)
    0x00028656   0x00000096   Code   RO         3873    .text               c_w.l(strncmp.o)
    0x000286ec   0x00000018   Code   RO         3875    .text               c_w.l(strcat.o)
    0x00028704   0x0000008a   Code   RO         3877    .text               c_w.l(rt_memcpy_v6.o)
    0x0002878e   0x00000064   Code   RO         3879    .text               c_w.l(rt_memcpy_w.o)
    0x000287f2   0x00000010   Code   RO         3881    .text               c_w.l(aeabi_memset.o)
    0x00028802   0x00000044   Code   RO         3883    .text               c_w.l(rt_memclr.o)
    0x00028846   0x0000004e   Code   RO         3885    .text               c_w.l(rt_memclr_w.o)
    0x00028894   0x00000080   Code   RO         3889    .text               c_w.l(strcmpv7m.o)
    0x00028914   0x00000006   Code   RO         3891    .text               c_w.l(heapauxi.o)
    0x0002891a   0x00000002   PAD
    0x0002891c   0x00000008   Code   RO         3913    .text               c_w.l(rt_locale_intlibspace.o)
    0x00028924   0x00000008   Code   RO         3918    .text               c_w.l(rt_errno_addr_intlibspace.o)
    0x0002892c   0x000000b8   Code   RO         3920    .text               c_w.l(_printf_intcommon.o)
    0x000289e4   0x00000030   Code   RO         3922    .text               c_w.l(_printf_char_common.o)
    0x00028a14   0x0000000a   Code   RO         3924    .text               c_w.l(_sputc.o)
    0x00028a1e   0x0000002c   Code   RO         3928    .text               c_w.l(_printf_char.o)
    0x00028a4a   0x0000002c   Code   RO         3930    .text               c_w.l(_printf_wchar.o)
    0x00028a76   0x00000002   PAD
    0x00028a78   0x00000078   Code   RO         3932    .text               c_w.l(_printf_longlong_dec.o)
    0x00028af0   0x0000001c   Code   RO         3947    .text               c_w.l(_chval.o)
    0x00028b0c   0x0000002c   Code   RO         3949    .text               c_w.l(scanf_char.o)
    0x00028b38   0x00000040   Code   RO         3951    .text               c_w.l(_sgetc.o)
    0x00028b78   0x00000070   Code   RO         3953    .text               c_w.l(strtol.o)
    0x00028be8   0x00000040   Code   RO         3955    .text               c_w.l(_wcrtomb.o)
    0x00028c28   0x00000044   Code   RO         3960    .text               c_w.l(strtok_int.o)
    0x00028c6c   0x00000008   Code   RO         4022    .text               c_w.l(libspace.o)
    0x00028c74   0x0000008a   Code   RO         4040    .text               c_w.l(lludiv10.o)
    0x00028cfe   0x00000012   Code   RO         4042    .text               c_w.l(isspace.o)
    0x00028d10   0x00000420   Code   RO         4044    .text               c_w.l(_printf_fp_dec.o)
    0x00029130   0x00000300   Code   RO         4046    .text               c_w.l(_printf_fp_hex.o)
    0x00029430   0x00000370   Code   RO         4051    .text               c_w.l(_scanf.o)
    0x000297a0   0x0000009e   Code   RO         4053    .text               c_w.l(_strtoul.o)
    0x0002983e   0x00000020   Code   RO         4055    .text               c_w.l(strcspn.o)
    0x0002985e   0x0000001c   Code   RO         4057    .text               c_w.l(strspn.o)
    0x0002987a   0x0000004a   Code   RO         4063    .text               c_w.l(sys_stackheap_outer.o)
    0x000298c4   0x00000080   Code   RO         4065    .text               c_w.l(_printf_fp_infnan.o)
    0x00029944   0x000000e4   Code   RO         4067    .text               c_w.l(bigflt0.o)
    0x00029a28   0x0000000c   Code   RO         4095    .text               c_w.l(exit.o)
    0x00029a34   0x00000002   Code   RO         4121    .text               c_w.l(use_no_semi.o)
    0x00029a36   0x00000000   Code   RO         4123    .text               c_w.l(indicate_semi.o)
    0x00029a36   0x00000002   PAD
    0x00029a38   0x0000000c   Code   RO         4137    .text               c_w.l(sys_exit.o)
    0x00029a44   0x0000003e   Code   RO         4070    CL$$btod_d2e        c_w.l(btod.o)
    0x00029a82   0x00000046   Code   RO         4072    CL$$btod_d2e_denorm_low  c_w.l(btod.o)
    0x00029ac8   0x00000060   Code   RO         4071    CL$$btod_d2e_norm_op1  c_w.l(btod.o)
    0x00029b28   0x00000338   Code   RO         4080    CL$$btod_div_common  c_w.l(btod.o)
    0x00029e60   0x000000c6   Code   RO         4077    CL$$btod_e2e        c_w.l(btod.o)
    0x00029f26   0x00000028   Code   RO         4074    CL$$btod_ediv       c_w.l(btod.o)
    0x00029f4e   0x00000028   Code   RO         4073    CL$$btod_emul       c_w.l(btod.o)
    0x00029f76   0x00000244   Code   RO         4079    CL$$btod_mult_common  c_w.l(btod.o)
    0x0002a1ba   0x0000001e   Code   RO         1585    i.EMACAddrGet       driverlib.lib(emac.o)
    0x0002a1d8   0x00000022   Code   RO         1586    i.EMACAddrSet       driverlib.lib(emac.o)
    0x0002a1fa   0x00000002   PAD
    0x0002a1fc   0x00000044   Code   RO         1587    i.EMACConfigGet     driverlib.lib(emac.o)
    0x0002a240   0x00000038   Code   RO         1588    i.EMACConfigSet     driverlib.lib(emac.o)
    0x0002a278   0x00000010   Code   RO         1591    i.EMACFrameFilterSet  driverlib.lib(emac.o)
    0x0002a288   0x00000088   Code   RO         1595    i.EMACInit          driverlib.lib(emac.o)
    0x0002a310   0x0000003e   Code   RO         1596    i.EMACIntClear      driverlib.lib(emac.o)
    0x0002a34e   0x0000003e   Code   RO         1597    i.EMACIntDisable    driverlib.lib(emac.o)
    0x0002a38c   0x00000046   Code   RO         1598    i.EMACIntEnable     driverlib.lib(emac.o)
    0x0002a3d2   0x0000002e   Code   RO         1600    i.EMACIntStatus     driverlib.lib(emac.o)
    0x0002a400   0x00000088   Code   RO         1603    i.EMACPHYConfigSet  driverlib.lib(emac.o)
    0x0002a488   0x0000002a   Code   RO         1608    i.EMACPHYRead       driverlib.lib(emac.o)
    0x0002a4b2   0x0000002a   Code   RO         1609    i.EMACPHYWrite      driverlib.lib(emac.o)
    0x0002a4dc   0x00000006   Code   RO         1619    i.EMACRxDMADescriptorListSet  driverlib.lib(emac.o)
    0x0002a4e2   0x00000016   Code   RO         1622    i.EMACRxEnable      driverlib.lib(emac.o)
    0x0002a4f8   0x00000006   Code   RO         1630    i.EMACTimestampIntStatus  driverlib.lib(emac.o)
    0x0002a4fe   0x00000006   Code   RO         1644    i.EMACTxDMADescriptorListSet  driverlib.lib(emac.o)
    0x0002a504   0x00000008   Code   RO         1645    i.EMACTxDMAPollDemand  driverlib.lib(emac.o)
    0x0002a50c   0x00000016   Code   RO         1647    i.EMACTxEnable      driverlib.lib(emac.o)
    0x0002a522   0x00000028   Code   RO         2059    i.GPIODirModeSet    driverlib.lib(gpio.o)
    0x0002a54a   0x00000006   Code   RO         2060    i.GPIOIntClear      driverlib.lib(gpio.o)
    0x0002a550   0x0000000e   Code   RO         2062    i.GPIOIntEnable     driverlib.lib(gpio.o)
    0x0002a55e   0x0000000e   Code   RO         2064    i.GPIOIntStatus     driverlib.lib(gpio.o)
    0x0002a56c   0x00000050   Code   RO         2066    i.GPIOIntTypeSet    driverlib.lib(gpio.o)
    0x0002a5bc   0x0000013e   Code   RO         2069    i.GPIOPadConfigSet  driverlib.lib(gpio.o)
    0x0002a6fa   0x00000002   PAD
    0x0002a6fc   0x00000048   Code   RO         2070    i.GPIOPinConfigure  driverlib.lib(gpio.o)
    0x0002a744   0x00000006   Code   RO         2071    i.GPIOPinRead       driverlib.lib(gpio.o)
    0x0002a74a   0x0000001c   Code   RO         2077    i.GPIOPinTypeEthernetLED  driverlib.lib(gpio.o)
    0x0002a766   0x0000001c   Code   RO         2080    i.GPIOPinTypeGPIOInput  driverlib.lib(gpio.o)
    0x0002a782   0x0000001c   Code   RO         2081    i.GPIOPinTypeGPIOOutput  driverlib.lib(gpio.o)
    0x0002a79e   0x0000001c   Code   RO         2092    i.GPIOPinTypePWM    driverlib.lib(gpio.o)
    0x0002a7ba   0x0000001c   Code   RO         2096    i.GPIOPinTypeUART   driverlib.lib(gpio.o)
    0x0002a7d6   0x00000006   Code   RO         2102    i.GPIOPinWrite      driverlib.lib(gpio.o)
    0x0002a7dc   0x00000064   Code   RO         2365    i.IntDisable        driverlib.lib(interrupt.o)
    0x0002a840   0x00000064   Code   RO         2366    i.IntEnable         driverlib.lib(interrupt.o)
    0x0002a8a4   0x0000000e   Code   RO         2369    i.IntMasterEnable   driverlib.lib(interrupt.o)
    0x0002a8b2   0x00000002   PAD
    0x0002a8b4   0x00000028   Code   RO         2377    i.IntPrioritySet    driverlib.lib(interrupt.o)
    0x0002a8dc   0x00000016   Code   RO         2482    i.PWMClockSet       driverlib.lib(pwm.o)
    0x0002a8f2   0x00000026   Code   RO         2489    i.PWMGenConfigure   driverlib.lib(pwm.o)
    0x0002a918   0x0000000a   Code   RO         2491    i.PWMGenEnable      driverlib.lib(pwm.o)
    0x0002a922   0x00000012   Code   RO         2503    i.PWMGenPeriodGet   driverlib.lib(pwm.o)
    0x0002a934   0x00000012   Code   RO         2504    i.PWMGenPeriodSet   driverlib.lib(pwm.o)
    0x0002a946   0x00000010   Code   RO         2511    i.PWMOutputState    driverlib.lib(pwm.o)
    0x0002a956   0x00000020   Code   RO         2514    i.PWMPulseWidthSet  driverlib.lib(pwm.o)
    0x0002a976   0x00000002   PAD
    0x0002a978   0x000002c8   Code   RO         2718    i.SysCtlClockFreqSet  driverlib.lib(sysctl.o)
    0x0002ac40   0x00000020   Code   RO         2722    i.SysCtlDeepSleep   driverlib.lib(sysctl.o)
    0x0002ac60   0x00000028   Code   RO         2750    i.SysCtlPeripheralEnable  driverlib.lib(sysctl.o)
    0x0002ac88   0x0000002c   Code   RO         2753    i.SysCtlPeripheralPresent  driverlib.lib(sysctl.o)
    0x0002acb4   0x0000002c   Code   RO         2754    i.SysCtlPeripheralReady  driverlib.lib(sysctl.o)
    0x0002ace0   0x0000003c   Code   RO         2755    i.SysCtlPeripheralReset  driverlib.lib(sysctl.o)
    0x0002ad1c   0x00000060   Code   RO         3069    i.TimerConfigure    driverlib.lib(timer.o)
    0x0002ad7c   0x0000000e   Code   RO         3078    i.TimerEnable       driverlib.lib(timer.o)
    0x0002ad8a   0x00000004   Code   RO         3079    i.TimerIntClear     driverlib.lib(timer.o)
    0x0002ad8e   0x00000008   Code   RO         3081    i.TimerIntEnable    driverlib.lib(timer.o)
    0x0002ad96   0x00000012   Code   RO         3087    i.TimerLoadSet      driverlib.lib(timer.o)
    0x0002ada8   0x0000000a   Code   RO         3100    i.TimerValueGet     driverlib.lib(timer.o)
    0x0002adb2   0x00000010   Code   RO         3308    i.UARTCharGetNonBlocking  driverlib.lib(uart.o)
    0x0002adc2   0x00000010   Code   RO         3310    i.UARTCharPutNonBlocking  driverlib.lib(uart.o)
    0x0002add2   0x0000000a   Code   RO         3311    i.UARTCharsAvail    driverlib.lib(uart.o)
    0x0002addc   0x0000006e   Code   RO         3315    i.UARTConfigSetExpClk  driverlib.lib(uart.o)
    0x0002ae4a   0x00000014   Code   RO         3320    i.UARTEnable        driverlib.lib(uart.o)
    0x0002ae5e   0x00000004   Code   RO         3328    i.UARTIntClear      driverlib.lib(uart.o)
    0x0002ae62   0x00000008   Code   RO         3330    i.UARTIntEnable     driverlib.lib(uart.o)
    0x0002ae6a   0x0000000a   Code   RO         3332    i.UARTIntStatus     driverlib.lib(uart.o)
    0x0002ae74   0x0000000a   Code   RO         3590    i.WatchdogEnable    driverlib.lib(watchdog.o)
    0x0002ae7e   0x00000004   Code   RO         3600    i.WatchdogReloadSet  driverlib.lib(watchdog.o)
    0x0002ae82   0x0000000a   Code   RO         3602    i.WatchdogResetEnable  driverlib.lib(watchdog.o)
    0x0002ae8c   0x00000030   Code   RO         4109    i.__ARM_fpclassify  m_wm.l(fpclassify.o)
    0x0002aebc   0x0000000e   Code   RO         3826    i._is_digit         c_w.l(__printf_wp.o)
    0x0002aeca   0x00000002   PAD
    0x0002aecc   0x0000002c   Code   RO         3958    locale$$code        c_w.l(lc_ctype_c.o)
    0x0002aef8   0x0000002c   Code   RO         4093    locale$$code        c_w.l(lc_numeric_c.o)
    0x0002af24   0x00000062   Code   RO         3895    x$fpl$d2f           fz_wm.l(d2f.o)
    0x0002af86   0x00000002   PAD
    0x0002af88   0x000002b0   Code   RO         3898    x$fpl$ddiv          fz_wm.l(ddiv.o)
    0x0002b238   0x0000002e   Code   RO         3902    x$fpl$dflt          fz_wm.l(dflt_clz.o)
    0x0002b266   0x00000026   Code   RO         3901    x$fpl$dfltu         fz_wm.l(dflt_clz.o)
    0x0002b28c   0x0000009c   Code   RO         4005    x$fpl$dnaninf       fz_wm.l(dnaninf.o)
    0x0002b328   0x0000000c   Code   RO         4007    x$fpl$dretinf       fz_wm.l(dretinf.o)
    0x0002b334   0x00000056   Code   RO         3907    x$fpl$f2d           fz_wm.l(f2d.o)
    0x0002b38a   0x0000008c   Code   RO         4009    x$fpl$fnaninf       fz_wm.l(fnaninf.o)
    0x0002b416   0x0000000a   Code   RO         4061    x$fpl$fpinit        fz_wm.l(fpinit.o)
    0x0002b420   0x0000000a   Code   RO         4011    x$fpl$fretinf       fz_wm.l(fretinf.o)
    0x0002b42a   0x00000004   Code   RO         4013    x$fpl$printf1       fz_wm.l(printf1.o)
    0x0002b42e   0x00000004   Code   RO         4015    x$fpl$printf2       fz_wm.l(printf2.o)
    0x0002b432   0x00000000   Code   RO         4021    x$fpl$usenofp       fz_wm.l(usenofp.o)
    0x0002b432   0x00000014   Data   RO          190    .constdata          tasks.o
    0x0002b446   0x0000000a   Data   RO          353    .constdata          keyboard.o
    0x0002b450   0x00000025   Data   RO          410    .constdata          osal_soft_iic.o
    0x0002b475   0x00000003   PAD
    0x0002b478   0x00000400   Data   RO          431    .constdata          osal_utility.o
    0x0002b878   0x00000048   Data   RO          445    .constdata          osal_ringbuf.o
    0x0002b8c0   0x00000014   Data   RO          462    .constdata          osal_detect.o
    0x0002b8d4   0x000018e7   Data   RO          478    .constdata          dsp_app.o
    0x0002d1bb   0x00000001   PAD
    0x0002d1bc   0x000005af   Data   RO          534    .constdata          system_task.o
    0x0002d76b   0x00000001   PAD
    0x0002d76c   0x000001b0   Data   RO          657    .constdata          display_task.o
    0x0002d91c   0x00000019   Data   RO          704    .constdata          eprom_driver.o
    0x0002d935   0x0000000f   Data   RO          728    .constdata          ir_driver.o
    0x0002d944   0x00003fc4   Data   RO          784    .constdata          cs485xx.o
    0x00031908   0x00056c48   Data   RO          850    .constdata          enet_fs.o
    0x00088550   0x000000cc   Data   RO          981    .constdata          lwiplib.o
    0x0008861c   0x000009e3   Data   RO         1290    .constdata          web.o
    0x00088fff   0x00000001   PAD
    0x00089000   0x00000018   Data   RO         1656    .constdata          driverlib.lib(emac.o)
    0x00089018   0x00000210   Data   RO         2103    .constdata          driverlib.lib(gpio.o)
    0x00089228   0x0000010c   Data   RO         2382    .constdata          driverlib.lib(interrupt.o)
    0x00089334   0x000001cc   Data   RO         2771    .constdata          driverlib.lib(sysctl.o)
    0x00089500   0x00000008   Data   RO         3787    .constdata          c_w.l(_printf_wctomb.o)
    0x00089508   0x00000028   Data   RO         3814    .constdata          c_w.l(_printf_hex_int_ll_ptr.o)
    0x00089530   0x00000011   Data   RO         3834    .constdata          c_w.l(__printf_flags_ss_wp.o)
    0x00089541   0x00000026   Data   RO         4047    .constdata          c_w.l(_printf_fp_hex.o)
    0x00089567   0x00000001   PAD
    0x00089568   0x00000094   Data   RO         4068    .constdata          c_w.l(bigflt0.o)
    0x000895fc   0x00000007   Data   RO          246    .conststring        main.o
    0x00089603   0x0000005b   Data   RO          535    .conststring        system_task.o
    0x0008965e   0x00000176   Data   RO          658    .conststring        display_task.o
    0x000897d4   0x000001fd   Data   RO          982    .conststring        lwiplib.o
    0x000899d1   0x000003f6   Data   RO         1291    .conststring        web.o
    0x00089dc7   0x00000020   Data   RO          332    .conststrlit        osal_console.o
    0x00089de7   0x00000017   Data   RO          536    .conststrlit        system_task.o
    0x00089dfe   0x00000083   Data   RO          659    .conststrlit        display_task.o
    0x00089e81   0x0000002d   Data   RO          705    .conststrlit        eprom_driver.o
    0x00089eae   0x00000012   Data   RO          747    .conststrlit        njw1195_driver.o
    0x00089ec0   0x00000020   Data   RO         4181    Region$$Table       anon$$obj.o
    0x00089ee0   0x00000110   Data   RO         3957    locale$$data        c_w.l(lc_ctype_c.o)
    0x00089ff0   0x0000001c   Data   RO         4092    locale$$data        c_w.l(lc_numeric_c.o)


    Execution Region INIT_SECTION (Base: 0x0008a00c, Size: 0x000000a0, Max: 0xffffffff, ABSOLUTE)

    Base Addr    Size         Type   Attr      Idx    E Section Name        Object

    0x0008a00c   0x00000010   Data   RO          333    INIT_CMD            osal_console.o
    0x0008a01c   0x00000010   Data   RO          538    INIT_CMD            system_task.o
    0x0008a02c   0x00000050   Data   RO          661    INIT_CMD            display_task.o
    0x0008a07c   0x00000020   Data   RO          706    INIT_CMD            eprom_driver.o
    0x0008a09c   0x00000010   Data   RO          748    INIT_CMD            njw1195_driver.o


    Execution Region RW_IRAM1 (Base: 0x20000000, Size: 0x000291b8, Max: 0x00040000, ABSOLUTE, COMPRESSED[0x000001b8])

    Base Addr    Size         Type   Attr      Idx    E Section Name        Object

    0x20000000   0x00000002   Data   RW           12    .data               bsp.o
    0x20000002   0x00000002   PAD
    0x20000004   0x0000003c   Data   RW          191    .data               tasks.o
    0x20000040   0x00000004   Data   RW          214    .data               port.o
    0x20000044   0x00000014   Data   RW          232    .data               heap_4.o
    0x20000058   0x00000008   Data   RW          247    .data               main.o
    0x20000060   0x00000001   Data   RW          303    .data               serial.o
    0x20000061   0x00000003   PAD
    0x20000064   0x000000ab   Data   RW          354    .data               keyboard.o
    0x2000010f   0x00000001   PAD
    0x20000110   0x00000014   Data   RW          411    .data               osal_soft_iic.o
    0x20000124   0x0000000c   Data   RW          446    .data               osal_ringbuf.o
    0x20000130   0x000000a0   Data   RW          463    .data               osal_detect.o
    0x200001d0   0x00000029   Data   RW          537    .data               system_task.o
    0x200001f9   0x00000003   PAD
    0x200001fc   0x00000014   Data   RW          660    .data               display_task.o
    0x20000210   0x00000041   Data   RW          687    .data               lcd_driver.o
    0x20000251   0x00000001   PAD
    0x20000252   0x00000018   Data   RW          729    .data               ir_driver.o
    0x2000026a   0x00000002   PAD
    0x2000026c   0x00000004   Data   RW          851    .data               enet_fs.o
    0x20000270   0x00000164   Data   RW          983    .data               lwiplib.o
    0x200003d4   0x00000048   Data   RW         1292    .data               web.o
    0x2000041c   0x00000006   Data   RW         1366    .data               ff.o
    0x20000422   0x00000005   Data   RW         1392    .data               mmc-dk-tm4c129x.o
    0x20000427   0x00000001   PAD
    0x20000428   0x00000004   Data   RW         3861    .data               c_w.l(strtok.o)
    0x2000042c   0x00000050   Zero   RW          174    .bss                queue.o
    0x2000047c   0x0000012c   Zero   RW          189    .bss                tasks.o
    0x200005a8   0x0000b000   Zero   RW          231    .bss                heap_4.o
    0x2000b5a8   0x0000028c   Zero   RW          302    .bss                serial.o
    0x2000b834   0x00000054   Zero   RW          533    .bss                system_task.o
    0x2000b888   0x00000108   Zero   RW          656    .bss                display_task.o
    0x2000b990   0x00000430   Zero   RW          727    .bss                ir_driver.o
    0x2000bdc0   0x00000234   Zero   RW          849    .bss                enet_fs.o
    0x2000bff4   0x00019e24   Zero   RW          980    .bss                lwiplib.o
    0x20025e18   0x00001200   Zero   RW         1289    .bss                web.o
    0x20027018   0x00000058   Zero   RW         1517    .bss                netconf.o
    0x20027070   0x000000e4   Zero   RW         3857    .bss                c_w.l(rand.o)
    0x20027154   0x00000060   Zero   RW         4023    .bss                c_w.l(libspace.o)
    0x200271b4   0x00000004   PAD
    0x200271b8   0x00000000   Zero   RW            2    HEAP                startup_rvmdk.o
    0x200271b8   0x00002000   Zero   RW            1    STACK               startup_rvmdk.o


==============================================================================

Image component sizes


      Code (inc. data)   RO Data    RW Data    ZI Data      Debug   Object Name

      1628        138          0          2          0       7652   bsp.o
        56         26          0          0          0       1587   console_task.o
         0          0          0          0          0        444   croutine.o
       540         62          0          0          0       1671   cs4251x.o
      1672        332      16324          0          0       6372   cs485xx.o
      6872       2164       1017         20        264      13284   display_task.o
      1900        294       6375          0          0       7595   dsp_app.o
       372         20     355400          4        564      15026   enet_fs.o
       536        148        102          0          0       2868   eprom_driver.o
      7584         42          0          6          0      25396   ff.o
       432         22          0         20      45056       3040   heap_4.o
      1536        166         15         24       1072       4064   ir_driver.o
      5308        284         10        171          0      17646   keyboard.o
       976         90          0         65          0       2793   lcd_driver.o
       148          0          0          0          0       1882   list.o
     46228       1524        713        356     106020     197765   lwiplib.o
       576        340          7          8          0       3011   main.o
      2136         72          0          5          0       8549   mmc-dk-tm4c129x.o
       280          4          0          0         88       3330   netconf.o
       668         90         34          0          0       3275   njw1195_driver.o
       604        236         48          0          0       3200   osal_console.o
       676         68         20        160          0       1779   osal_detect.o
       368         74         72         12          0       2352   osal_ringbuf.o
       980        110         37         20          0       4439   osal_soft_iic.o
       272         18       1024          0          0       2156   osal_utility.o
       414         40          0          4          0       2907   port.o
      2376          6          0          0         80      13077   queue.o
       352         38          0          1        652       7936   serial.o
       564        528          0          0       8192        492   startup_rvmdk.o
       272          8          0          0          0       2615   sw_spi.o
      9812       2238       1585         41         84      31537   system_task.o
      3344        220         20         60        300      15396   tasks.o
         0          0          0          0          0       9328   timers.o
         0          0          0          0          0       6408   upnpweb.o
     10252       2526       3545         72       4608      48593   web.o

    ----------------------------------------------------------------------
    109736      11928     386386       1064     166980     479465   Object Totals
         0          0         32          0          0          0   (incl. Generated)
         2          0          6         13          0          0   (incl. Padding)

    ----------------------------------------------------------------------

      Code (inc. data)   RO Data    RW Data    ZI Data      Debug   Library Member Name

        60          8          0          0          0         84   __0sscanf.o
        90          0          0          0          0          0   __dczerorl2.o
         8          0          0          0          0         68   __main.o
       396          6         17          0          0         92   __printf_flags_ss_wp.o
        14          0          0          0          0         68   __printf_wp.o
        52          8          0          0          0          0   __scatter.o
        28          0          0          0          0          0   __scatter_zi.o
        28          0          0          0          0         68   _chval.o
         6          0          0          0          0          0   _printf_a.o
         6          0          0          0          0          0   _printf_c.o
        44          0          0          0          0        108   _printf_char.o
        48          6          0          0          0         96   _printf_char_common.o
        42          0          0          0          0         68   _printf_charcount.o
         6          0          0          0          0          0   _printf_d.o
       120         18          0          0          0         92   _printf_dec.o
         6          0          0          0          0          0   _printf_e.o
         6          0          0          0          0          0   _printf_f.o
      1056          0          0          0          0        216   _printf_fp_dec.o
       768          8         38          0          0        100   _printf_fp_hex.o
       128         16          0          0          0         84   _printf_fp_infnan.o
         6          0          0          0          0          0   _printf_g.o
       156          6         40          0          0        160   _printf_hex_int_ll_ptr.o
         6          0          0          0          0          0   _printf_i.o
       184          0          0          0          0         88   _printf_intcommon.o
        10          0          0          0          0          0   _printf_l.o
         6          0          0          0          0          0   _printf_lc.o
        10          0          0          0          0          0   _printf_ll.o
         6          0          0          0          0          0   _printf_lld.o
         6          0          0          0          0          0   _printf_lli.o
         6          0          0          0          0          0   _printf_llo.o
         6          0          0          0          0          0   _printf_llu.o
         6          0          0          0          0          0   _printf_llx.o
       120         16          0          0          0         92   _printf_longlong_dec.o
         6          0          0          0          0          0   _printf_ls.o
         6          0          0          0          0          0   _printf_n.o
         6          0          0          0          0          0   _printf_o.o
       120          8          0          0          0        124   _printf_oct_int_ll.o
         6          0          0          0          0          0   _printf_p.o
        82          0          0          0          0        108   _printf_pad.o
         0          0          0          0          0          0   _printf_percent.o
         4          0          0          0          0          0   _printf_percent_end.o
         6          0          0          0          0          0   _printf_s.o
        82          0          0          0          0         80   _printf_str.o
        36          0          0          0          0         84   _printf_truncate.o
         6          0          0          0          0          0   _printf_u.o
        44          0          0          0          0        108   _printf_wchar.o
       188          6          8          0          0         92   _printf_wctomb.o
         6          0          0          0          0          0   _printf_x.o
       880          4          0          0          0        100   _scanf.o
       336          0          0          0          0         96   _scanf_int.o
        64          0          0          0          0         84   _sgetc.o
        10          0          0          0          0         68   _sputc.o
       158          0          0          0          0         92   _strtoul.o
        64          0          0          0          0         92   _wcrtomb.o
        16          0          0          0          0         68   aeabi_memset.o
        26          0          0          0          0         80   atoi.o
       228          6        148          0          0         96   bigflt0.o
      1910        128          0          0          0        672   btod.o
        12          0          0          0          0         72   exit.o
         6          0          0          0          0        152   heapauxi.o
         0          0          0          0          0          0   indicate_semi.o
        18          0          0          0          0         76   isspace.o
        44         10        272          0          0         76   lc_ctype_c.o
        44         10         28          0          0         76   lc_numeric_c.o
         2          0          0          0          0          0   libinit.o
        38          0          0          0          0          0   libinit2.o
         2          0          0          0          0          0   libshutdown.o
         2          0          0          0          0          0   libshutdown2.o
         8          4          0          0         96         68   libspace.o
       138          0          0          0          0         80   lludiv10.o
        88          0          0          0          0         76   memcmp.o
       112         18          0          0        228        160   rand.o
        16          4          0          0          0         76   rt_ctype_table.o
         8          4          0          0          0         68   rt_errno_addr_intlibspace.o
         8          4          0          0          0         68   rt_locale_intlibspace.o
        68          0          0          0          0         68   rt_memclr.o
        78          0          0          0          0         80   rt_memclr_w.o
       138          0          0          0          0         68   rt_memcpy_v6.o
       100          0          0          0          0         80   rt_memcpy_w.o
         0          0          0          0          0          0   rtentry.o
        12          0          0          0          0          0   rtentry2.o
         6          0          0          0          0          0   rtentry4.o
         2          0          0          0          0          0   rtexit.o
        10          0          0          0          0          0   rtexit2.o
        44          8          0          0          0         84   scanf_char.o
        24          0          0          0          0         68   strcat.o
        20          0          0          0          0         68   strchr.o
       128          0          0          0          0         68   strcmpv7m.o
        32          0          0          0          0         80   strcspn.o
        62          0          0          0          0         76   strlen.o
       150          0          0          0          0         80   strncmp.o
        28          0          0          0          0         80   strspn.o
        36          0          0          0          0         80   strstr.o
        12          6          0          4          0         68   strtok.o
        68          4          0          0          0         84   strtok_int.o
       112          0          0          0          0         88   strtol.o
        12          4          0          0          0         68   sys_exit.o
        74          0          0          0          0         80   sys_stackheap_outer.o
         2          0          0          0          0         68   use_no_semi.o
        36          4          0          0          0         76   vsprintf.o
        38          0          0          0          0        504   cpu.o
       870         44         24          0          0      27963   emac.o
       696          8        528          0          0       7815   gpio.o
       254         20        268          0          0       2768   interrupt.o
       154          0          0          0          0       3219   pwm.o
       938         62        460          0          0       5850   sysctl.o
       150          8          0          0          0       2723   timer.o
       194          0          0          0          0       4481   uart.o
        24          0          0          0          0       1279   watchdog.o
        98          4          0          0          0        140   d2f.o
       688        140          0          0          0        256   ddiv.o
        84          0          0          0          0        232   dflt_clz.o
       156          4          0          0          0        140   dnaninf.o
        12          0          0          0          0        116   dretinf.o
        86          4          0          0          0        132   f2d.o
       140          4          0          0          0        132   fnaninf.o
        10          0          0          0          0        116   fpinit.o
        10          0          0          0          0        116   fretinf.o
         4          0          0          0          0        116   printf1.o
         4          0          0          0          0        116   printf2.o
         0          0          0          0          0          0   usenofp.o
        48          0          0          0          0        124   fpclassify.o

    ----------------------------------------------------------------------
     14218        622       1832          4        328      64426   Library Totals
        30          0          1          0          4          0   (incl. Padding)

    ----------------------------------------------------------------------

      Code (inc. data)   RO Data    RW Data    ZI Data      Debug   Library Name

      9530        324        551          4        324       6088   c_w.l
      3318        142       1280          0          0      56602   driverlib.lib
      1292        156          0          0          0       1612   fz_wm.l
        48          0          0          0          0        124   m_wm.l

    ----------------------------------------------------------------------
     14218        622       1832          4        328      64426   Library Totals

    ----------------------------------------------------------------------

==============================================================================


      Code (inc. data)   RO Data    RW Data    ZI Data      Debug   

    123954      12550     388218       1068     167308     526651   Grand Totals
    123954      12550     388218        440     167308     526651   ELF Image Totals (compressed)
    123954      12550     388218        440          0          0   ROM Totals

==============================================================================

    Total RO  Size (Code + RO Data)               512172 ( 500.17kB)
    Total RW  Size (RW Data + ZI Data)            168376 ( 164.43kB)
    Total ROM Size (Code + RO Data + RW Data)     512612 ( 500.60kB)

==============================================================================

